node.exe : 
(node:17696) 
ExperimentalWarning: 
CommonJS module 
C:\Program Files\nodejs
\node_modules\npm\node_
modules\debug\src\node.
js is loading ES 
Module C:\Program Files
\nodejs\node_modules\np
m\node_modules\supports
-color\index.js using 
require().
At C:\Program Files\nod
ejs\npx.ps1:29 char:3
+   & $NODE_EXE 
$NPX_CLI_JS $args
+   ~~~~~~~~~~~~~~~~~~~
~~~~~~~~~~
    + CategoryInfo     
         : NotSpecifi  
  ed: ((node:17696)    
 Ex...sing require(    
).:String) [], Rem    
oteException
    + FullyQualifiedEr 
   rorId : NativeComm  
  andError
 
Support for loading ES 
Module in require() is 
an experimental 
feature and might 
change at any time
(Use `node 
--trace-warnings ...` 
to show where the 
warning was created)
src/components/Navbar.tsx(87,48): error TS2345: Argument of type '{ code: string; symbol: string; label: string; }' is not assignable to parameter of type 'string'.
src/pages/Dashboard.tsx(3,1): error TS6133: 'useAuthStore' is declared but its value is never read.
src/pages/Dashboard.tsx(25,37): error TS2552: Cannot find name 'useExpenseStore'. Did you mean 'setExpenses'?
src/pages/Dashboard.tsx(66,35): error TS2304: Cannot find name 'Expense'.
src/pages/Dashboard.tsx(66,144): error TS2304: Cannot find name 'Expense'.
src/pages/Dashboard.tsx(69,35): error TS2304: Cannot find name 'Expense'.
src/pages/Dashboard.tsx(69,145): error TS2304: Cannot find name 'Expense'.
src/pages/Dashboard.tsx(84,37): error TS2304: Cannot find name 'Expense'.
src/pages/Dashboard.tsx(84,147): error TS2304: Cannot find name 'Expense'.
src/pages/Dashboard.tsx(219,48): error TS2304: Cannot find name 'Expense'.
