node.exe : 
(node:24416) 
ExperimentalWarning: 
CommonJS module 
C:\Program Files\nodejs
\node_modules\npm\node_
modules\debug\src\node.
js is loading ES 
Module C:\Program Files
\nodejs\node_modules\np
m\node_modules\supports
-color\index.js using 
require().
At C:\Program Files\nod
ejs\npx.ps1:29 char:3
+   & $NODE_EXE 
$NPX_CLI_JS $args
+   ~~~~~~~~~~~~~~~~~~~
~~~~~~~~~~
    + CategoryInfo     
         : NotSpecifi  
  ed: ((node:24416)    
 Ex...sing require(    
).:String) [], Rem    
oteException
    + FullyQualifiedEr 
   rorId : NativeComm  
  andError
 
Support for loading ES 
Module in require() is 
an experimental 
feature and might 
change at any time
(Use `node 
--trace-warnings ...` 
to show where the 
warning was created)
tsconfig.json(6,25): error TS5107: Option 'moduleResolution=node10' is deprecated and will stop functioning in TypeScript 7.0. Specify compilerOption '"ignoreDeprecations": "6.0"' to silence this error.
  Visit https://aka.ms/ts6 for migration information.
